{"group1": ["nested", {"baz": ["changed", ["bas", "bars"]], "foo": ["equal", "bar"]}], "common": ["nested", {"setting1": ["equal", "Value 1"], "setting3": ["equal", true], "setting5": ["added", {"key5": "value5"}], "setting4": ["added", "blah blah"], "setting6": ["removed", {"key": "value"}], "setting2": ["removed", "200"]}], "group3": ["added", {"fee": "100500"}], "group2": ["removed", {"abc": "12345"}]}